[chefmasters.com.br/index.html]
[chefmasters.com.br/files/sites/5644/2019/04/1panela_x.png]
[backblue.gif]
[fade.gif]
[index.html]
[thumb.gdigital.com.br/thumb/capa_5644_929.jpg]
[code.jquery.com/jquery-1.10.2.min3e5a.js]
[code.jquery.com/ui/1.12.1/themes/base/jquery-ui.css]
[maxcdn.bootstrapcdn.com/bootstrap/3.3.5/css/bootstrap.min.css]
[maxcdn.bootstrapcdn.com/bootstrap/3.3.5/css/bootstrap-theme.min.css]
[cdnjs.cloudflare.com/ajax/libs/foundicons/3.0.0/foundation-icons.min.css]
[cdnjs.cloudflare.com/ajax/libs/bootstrap-slider/10.0.0/css/bootstrap-slider.min.css]
[sun.eduzz.com/widget/main.js]
[chefmasters.com.br/files/sites/5644/2019/04/frigideira-logo.png]
[chefmasters.com.br/files/sites/5644/2017/04/barra-compra-segura.png]
[chefmasters.com.br/files/sites/5644/2019/04/banner.png]
[adiniiz.gpages.com.br/files/sites/5644/2019/04/checked.png]
[chefmasters.com.br/files/sites/5644/2019/04/superchef-1_256a14784107916bda1eb69f57e7c214-21.jpg]
[chefmasters.com.br/files/sites/5644/2019/04/Screenshot_1-2_0401584b9f02ed44b4380bcaad693d181.jpg]
[chefmasters.com.br/files/sites/5644/2019/04/gold31.jpg]
[chefmasters.com.br/files/sites/5644/2019/04/Screenshot_4-3_34b9efe309468cfa6c3aad53dbbb5a711.jpg]
[chefmasters.com.br/files/sites/5644/2019/04/gold2-21.jpg]
[chefmasters.com.br/files/sites/5644/2019/04/gold41.jpg]
[chefmasters.com.br/files/sites/5644/2019/04/sabor1.png]
[chefmasters.com.br/files/sites/5644/2019/04/praticidade1.png]
[chefmasters.com.br/files/sites/5644/2019/04/resistencia1.png]
[chefmasters.com.br/files/sites/5644/2019/04/checkou-1-panela.png]
[chefmasters.com.br/files/sites/5644/2019/04/checkou-5-panelas-1.png]
[chefmasters.com.br/files/sites/5644/2019/04/checkou-3-panelas.png]
[chefmasters.com.br/files/sites/5644/2019/04/barra-compra-segura-2_3ff16343dfc68c0035bab4159f7f6dc8-11.png]
[chefmasters.com.br/files/sites/5644/2019/04/selogarantia-2-11.png]
[chefmasters.com.br/files/sites/5644/2017/04/pag.png]
[chefmasters.com.br/politicas-de-privacidade-panela.html]
[chefmasters.com.br/termos-de-uso-panela.html]
[chefmasters.com.br/politicas-de-reembolso-panela.html]
[chefmasters.com.br/files/sites/5644/2018/03/site-blindado.png]
[adiniiz.gpages.com.br/wp-includes/js/jquery/jquery.js]
[adiniiz.gpages.com.br/wp-includes/js/jquery/jquery-migrate.min.js]
[adiniiz.gpages.com.br/gdigital/gdigital_novo/js/jquery.fitvids.min62ea.js]
[adiniiz.gpages.com.br/files/sites/5644/gdigital_novo/cache/929-layout9108.js]
[adiniiz.gpages.com.br/painel/assets/tracking/conversao.js]
[adiniiz.gpages.com.br/wp-includes/js/mediaelement/mediaelement-and-player.min45a0.js]
[adiniiz.gpages.com.br/wp-includes/js/mediaelement/mediaelement-migrate.mincbf4.js]
[adiniiz.gpages.com.br/wp-includes/js/wp-embed.mincbf4.js]
[chefmasters.com.br/_https_/www.googletagmanager.com/gtag/js1d62.html]
[cdnjs.cloudflare.com/ajax/libs/jquery-migrate/1.2.1/jquery-migrate.min.js]
[maxcdn.bootstrapcdn.com/bootstrap/3.3.6/js/bootstrap.min.js]
[cdnjs.cloudflare.com/ajax/libs/jquery.mask/1.14.10/jquery.mask.min.js]
[www.gstatic.com/firebasejs/4.2.0/firebase.js]
[chefmasters.com.br/index.html]
[adiniiz.gpages.com.br/files/sites/5644/gdigital_novo/cache/929-layout3784.css]
[code.jquery.com/ui/1.12.1/themes/base/images/ui-icons_444444_256x240.png]
[code.jquery.com/ui/1.12.1/themes/base/images/ui-icons_555555_256x240.png]
[cdnjs.cloudflare.com/ajax/libs/bootstrap-slider/10.0.0/bootstrap-slider.min.js]
[code.jquery.com/ui/1.12.1/themes/base/images/ui-icons_ffffff_256x240.png]
[code.jquery.com/ui/1.12.1/themes/base/images/ui-icons_777620_256x240.png]
[code.jquery.com/ui/1.12.1/themes/base/images/ui-icons_cc0000_256x240.png]
[code.jquery.com/ui/1.12.1/themes/base/images/ui-icons_777777_256x240.png]
[code.jquery.com/ui/1.12.1/themes/base/jquery-ui.css]
[chefmasters.com.br/notification/style.css]
[maxcdn.bootstrapcdn.com/bootstrap/3.3.5/css/bootstrap.min.css]
[maxcdn.bootstrapcdn.com/bootstrap/3.3.5/css/bootstrap-theme.min.css]
[cdnjs.cloudflare.com/ajax/libs/foundicons/3.0.0/foundation-icons.eot]
[cdnjs.cloudflare.com/ajax/libs/foundicons/3.0.0/foundation-iconsd41d.eot]
[cdnjs.cloudflare.com/ajax/libs/foundicons/3.0.0/foundation-icons.woff]
[cdnjs.cloudflare.com/ajax/libs/foundicons/3.0.0/foundation-icons.ttf]
[cdnjs.cloudflare.com/ajax/libs/foundicons/3.0.0/foundation-icons.min.css]
[chefmasters.com.br/assets/stylea796.css]
[cdnjs.cloudflare.com/ajax/libs/foundicons/3.0.0/foundation-icons.svg]
[chefmasters.com.br/fonts/MYRIADPRO-REGULAR.OTF]
[chefmasters.com.br/fonts/MYRIADPRO-BOLD.OTF]
[chefmasters.com.br/fonts/MYRIADPRO-CONDIT.OTF]
[chefmasters.com.br/fonts/MYRIADPRO-BOLDIT.OTF]
[chefmasters.com.br/fonts/Myarad-pro.css]
[chefmasters.com.br/fonts/Cocogoose-Pro-Thin-trial.ttf]
[chefmasters.com.br/fonts/Cocogoose-Pro-trial.ttf]
[chefmasters.com.br/fonts/Cocogoose-Pro-Thin-Italic-trial.ttf]
[chefmasters.com.br/fonts/Cocogoose-Pro-Italic-trial.ttf]
[chefmasters.com.br/fonts/Cocogoose.css]
[chefmasters.com.br/fonts/XPLOR-Bold-Regular.otf]
[chefmasters.com.br/fonts/Xplor.css]
[chefmasters.com.br/fonts/Neoneon.otf]
[chefmasters.com.br/fonts/Neoneon.css]
[chefmasters.com.br/fonts/Cookit-Regular.otf]
[chefmasters.com.br/fonts/Cookit.css]
[chefmasters.com.br/fonts/Arciform.otf]
[chefmasters.com.br/fonts/Arciform.css]
[chefmasters.com.br/fonts/Century-Gothic.ttf]
[chefmasters.com.br/fonts/Century-Gothic.css]
[chefmasters.com.br/fonts/vw/vwtext-bold-webfont.woff2]
[chefmasters.com.br/fonts/vw/vwtext-bold-webfont.woff]
[chefmasters.com.br/fonts/vw/vwtext-bolditalic-webfont.woff2]
[chefmasters.com.br/fonts/vw/vwtext-bolditalic-webfont.woff]
[chefmasters.com.br/fonts/vw/vwtext-light-webfont.woff2]
[chefmasters.com.br/fonts/vw/vwtext-light-webfont.woff]
[chefmasters.com.br/fonts/vw/vwtext-regular-webfont.woff2]
[chefmasters.com.br/fonts/vw/vwtext-regular-webfont.woff]
[chefmasters.com.br/fonts/vw/vwtext-regularitalic-webfont.woff2]
[chefmasters.com.br/fonts/vw/vwtext-regularitalic-webfont.woff]
[chefmasters.com.br/fonts/vw/vw.css]
[chefmasters.com.br/gdigital/gdigital_novo/fonts/fontawesome/webfonts/fa-brands-400.eot]
[chefmasters.com.br/gdigital/gdigital_novo/fonts/fontawesome/webfonts/fa-brands-400d41d.eot]
[chefmasters.com.br/gdigital/gdigital_novo/fonts/fontawesome/webfonts/fa-brands-400.woff2]
[chefmasters.com.br/gdigital/gdigital_novo/fonts/fontawesome/webfonts/fa-brands-400.woff]
[chefmasters.com.br/gdigital/gdigital_novo/fonts/fontawesome/webfonts/fa-brands-400.ttf]
[chefmasters.com.br/gdigital/gdigital_novo/fonts/fontawesome/webfonts/fa-regular-400.eot]
[chefmasters.com.br/gdigital/gdigital_novo/fonts/fontawesome/webfonts/fa-regular-400d41d.eot]
[chefmasters.com.br/gdigital/gdigital_novo/fonts/fontawesome/webfonts/fa-regular-400.woff2]
[chefmasters.com.br/gdigital/gdigital_novo/fonts/fontawesome/webfonts/fa-regular-400.woff]
[chefmasters.com.br/gdigital/gdigital_novo/fonts/fontawesome/webfonts/fa-regular-400.ttf]
[chefmasters.com.br/gdigital/gdigital_novo/fonts/fontawesome/webfonts/fa-solid-900.eot]
[chefmasters.com.br/gdigital/gdigital_novo/fonts/fontawesome/webfonts/fa-solid-900d41d.eot]
[chefmasters.com.br/gdigital/gdigital_novo/fonts/fontawesome/webfonts/fa-solid-900.woff2]
[chefmasters.com.br/gdigital/gdigital_novo/fonts/fontawesome/webfonts/fa-solid-900.woff]
[chefmasters.com.br/gdigital/gdigital_novo/fonts/fontawesome/webfonts/fa-solid-900.ttf]
[chefmasters.com.br/gdigital/gdigital_novo/fonts/fontawesome/css/all.minbd4a.css]
[cdnjs.cloudflare.com/ajax/libs/bootstrap-slider/10.0.0/css/bootstrap-slider.min.css]
[chefmasters.com.br/politicas-de-privacidade-panela.html]
[chefmasters.com.br/termos-de-uso-panela.html]
[chefmasters.com.br/politicas-de-reembolso-panela.html]
[chefmasters.com.br/_https_/www.googletagmanager.com/gtag/js1d62.html]
[cdnjs.cloudflare.com/ajax/libs/foundicons/3.0.0/foundation-icons.svg]
[chefmasters.com.br/gdigital/gdigital_novo/fonts/fontawesome/webfonts/fa-brands-400.svg]
[chefmasters.com.br/gdigital/gdigital_novo/fonts/fontawesome/webfonts/fa-regular-400.svg]
[chefmasters.com.br/gdigital/gdigital_novo/fonts/fontawesome/webfonts/fa-solid-900.svg]
